Copyright 1986-2022 Xilinx, Inc. All Rights Reserved. Copyright 2022-2025 Advanced Micro Devices, Inc. All Rights Reserved.
---------------------------------------------------------------------------------------------------------------------------------------------
| Tool Version : Vivado v.2025.1 (win64) Build 6140274 Thu May 22 00:12:29 MDT 2025
| Date         : Mon May 11 09:35:51 2026
| Host         : Lab016-05 running 64-bit major release  (build 9200)
| Command      : report_drc -file HDMI_PS2_wrapper_drc_opted.rpt -pb HDMI_PS2_wrapper_drc_opted.pb -rpx HDMI_PS2_wrapper_drc_opted.rpx
| Design       : HDMI_PS2_wrapper
| Device       : xczu3eg-sfvc784-2-e
| Speed File   : -2
| Design State : Synthesized
---------------------------------------------------------------------------------------------------------------------------------------------

Report DRC

Table of Contents
-----------------
1. REPORT SUMMARY
2. REPORT DETAILS

1. REPORT SUMMARY
-----------------
            Netlist: netlist
          Floorplan: design_1
      Design limits: <entire design considered>
           Ruledeck: default
             Max checks: <unlimited>
             Checks found: 60
+--------+----------+------------------------+--------+
| Rule   | Severity | Description            | Checks |
+--------+----------+------------------------+--------+
| DPIP-2 | Warning  | Input pipelining       | 40     |
| DPOP-3 | Warning  | PREG Output pipelining | 10     |
| DPOP-4 | Warning  | MREG Output pipelining | 10     |
+--------+----------+------------------------+--------+

2. REPORT DETAILS
-----------------
DPIP-2#1 Warning
Input pipelining  
DSP HDMI_PS2_i/ImgGen2_0/inst/in_bomb1 input HDMI_PS2_i/ImgGen2_0/inst/in_bomb1/A[29:0] is not pipelined. Pipelining DSP48 input will improve performance.
Related violations: <none>

DPIP-2#2 Warning
Input pipelining  
DSP HDMI_PS2_i/ImgGen2_0/inst/in_bomb1 input HDMI_PS2_i/ImgGen2_0/inst/in_bomb1/B[17:0] is not pipelined. Pipelining DSP48 input will improve performance.
Related violations: <none>

DPIP-2#3 Warning
Input pipelining  
DSP HDMI_PS2_i/ImgGen2_0/inst/in_bomb2 input HDMI_PS2_i/ImgGen2_0/inst/in_bomb2/A[29:0] is not pipelined. Pipelining DSP48 input will improve performance.
Related violations: <none>

DPIP-2#4 Warning
Input pipelining  
DSP HDMI_PS2_i/ImgGen2_0/inst/in_bomb2 input HDMI_PS2_i/ImgGen2_0/inst/in_bomb2/B[17:0] is not pipelined. Pipelining DSP48 input will improve performance.
Related violations: <none>

DPIP-2#5 Warning
Input pipelining  
DSP HDMI_PS2_i/ImgGen2_0/inst/in_bomb2__0 input HDMI_PS2_i/ImgGen2_0/inst/in_bomb2__0/A[29:0] is not pipelined. Pipelining DSP48 input will improve performance.
Related violations: <none>

DPIP-2#6 Warning
Input pipelining  
DSP HDMI_PS2_i/ImgGen2_0/inst/in_bomb2__0 input HDMI_PS2_i/ImgGen2_0/inst/in_bomb2__0/B[17:0] is not pipelined. Pipelining DSP48 input will improve performance.
Related violations: <none>

DPIP-2#7 Warning
Input pipelining  
DSP HDMI_PS2_i/ImgGen2_0/inst/in_bomb2__1 input HDMI_PS2_i/ImgGen2_0/inst/in_bomb2__1/A[29:0] is not pipelined. Pipelining DSP48 input will improve performance.
Related violations: <none>

DPIP-2#8 Warning
Input pipelining  
DSP HDMI_PS2_i/ImgGen2_0/inst/in_bomb2__1 input HDMI_PS2_i/ImgGen2_0/inst/in_bomb2__1/B[17:0] is not pipelined. Pipelining DSP48 input will improve performance.
Related violations: <none>

DPIP-2#9 Warning
Input pipelining  
DSP HDMI_PS2_i/ImgGen2_0/inst/in_bomb2__2 input HDMI_PS2_i/ImgGen2_0/inst/in_bomb2__2/A[29:0] is not pipelined. Pipelining DSP48 input will improve performance.
Related violations: <none>

DPIP-2#10 Warning
Input pipelining  
DSP HDMI_PS2_i/ImgGen2_0/inst/in_bomb2__2 input HDMI_PS2_i/ImgGen2_0/inst/in_bomb2__2/B[17:0] is not pipelined. Pipelining DSP48 input will improve performance.
Related violations: <none>

DPIP-2#11 Warning
Input pipelining  
DSP HDMI_PS2_i/ImgGen2_0/inst/in_bomb2__3 input HDMI_PS2_i/ImgGen2_0/inst/in_bomb2__3/A[29:0] is not pipelined. Pipelining DSP48 input will improve performance.
Related violations: <none>

DPIP-2#12 Warning
Input pipelining  
DSP HDMI_PS2_i/ImgGen2_0/inst/in_bomb2__3 input HDMI_PS2_i/ImgGen2_0/inst/in_bomb2__3/B[17:0] is not pipelined. Pipelining DSP48 input will improve performance.
Related violations: <none>

DPIP-2#13 Warning
Input pipelining  
DSP HDMI_PS2_i/ImgGen2_0/inst/in_bomb2__4 input HDMI_PS2_i/ImgGen2_0/inst/in_bomb2__4/A[29:0] is not pipelined. Pipelining DSP48 input will improve performance.
Related violations: <none>

DPIP-2#14 Warning
Input pipelining  
DSP HDMI_PS2_i/ImgGen2_0/inst/in_bomb2__4 input HDMI_PS2_i/ImgGen2_0/inst/in_bomb2__4/B[17:0] is not pipelined. Pipelining DSP48 input will improve performance.
Related violations: <none>

DPIP-2#15 Warning
Input pipelining  
DSP HDMI_PS2_i/ImgGen2_0/inst/in_bomb2__5 input HDMI_PS2_i/ImgGen2_0/inst/in_bomb2__5/A[29:0] is not pipelined. Pipelining DSP48 input will improve performance.
Related violations: <none>

DPIP-2#16 Warning
Input pipelining  
DSP HDMI_PS2_i/ImgGen2_0/inst/in_bomb2__5 input HDMI_PS2_i/ImgGen2_0/inst/in_bomb2__5/B[17:0] is not pipelined. Pipelining DSP48 input will improve performance.
Related violations: <none>

DPIP-2#17 Warning
Input pipelining  
DSP HDMI_PS2_i/ImgGen2_0/inst/in_bomb3 input HDMI_PS2_i/ImgGen2_0/inst/in_bomb3/A[29:0] is not pipelined. Pipelining DSP48 input will improve performance.
Related violations: <none>

DPIP-2#18 Warning
Input pipelining  
DSP HDMI_PS2_i/ImgGen2_0/inst/in_bomb3 input HDMI_PS2_i/ImgGen2_0/inst/in_bomb3/B[17:0] is not pipelined. Pipelining DSP48 input will improve performance.
Related violations: <none>

DPIP-2#19 Warning
Input pipelining  
DSP HDMI_PS2_i/ImgGen2_0/inst/in_bomb3__0 input HDMI_PS2_i/ImgGen2_0/inst/in_bomb3__0/A[29:0] is not pipelined. Pipelining DSP48 input will improve performance.
Related violations: <none>

DPIP-2#20 Warning
Input pipelining  
DSP HDMI_PS2_i/ImgGen2_0/inst/in_bomb3__0 input HDMI_PS2_i/ImgGen2_0/inst/in_bomb3__0/B[17:0] is not pipelined. Pipelining DSP48 input will improve performance.
Related violations: <none>

DPIP-2#21 Warning
Input pipelining  
DSP HDMI_PS2_i/ImgGen2_0/inst/in_bomb3__1 input HDMI_PS2_i/ImgGen2_0/inst/in_bomb3__1/A[29:0] is not pipelined. Pipelining DSP48 input will improve performance.
Related violations: <none>

DPIP-2#22 Warning
Input pipelining  
DSP HDMI_PS2_i/ImgGen2_0/inst/in_bomb3__1 input HDMI_PS2_i/ImgGen2_0/inst/in_bomb3__1/B[17:0] is not pipelined. Pipelining DSP48 input will improve performance.
Related violations: <none>

DPIP-2#23 Warning
Input pipelining  
DSP HDMI_PS2_i/ImgGen2_0/inst/in_bomb3__2 input HDMI_PS2_i/ImgGen2_0/inst/in_bomb3__2/A[29:0] is not pipelined. Pipelining DSP48 input will improve performance.
Related violations: <none>

DPIP-2#24 Warning
Input pipelining  
DSP HDMI_PS2_i/ImgGen2_0/inst/in_bomb3__2 input HDMI_PS2_i/ImgGen2_0/inst/in_bomb3__2/B[17:0] is not pipelined. Pipelining DSP48 input will improve performance.
Related violations: <none>

DPIP-2#25 Warning
Input pipelining  
DSP HDMI_PS2_i/ImgGen2_0/inst/in_bomb3__3 input HDMI_PS2_i/ImgGen2_0/inst/in_bomb3__3/A[29:0] is not pipelined. Pipelining DSP48 input will improve performance.
Related violations: <none>

DPIP-2#26 Warning
Input pipelining  
DSP HDMI_PS2_i/ImgGen2_0/inst/in_bomb3__3 input HDMI_PS2_i/ImgGen2_0/inst/in_bomb3__3/B[17:0] is not pipelined. Pipelining DSP48 input will improve performance.
Related violations: <none>

DPIP-2#27 Warning
Input pipelining  
DSP HDMI_PS2_i/ImgGen2_0/inst/in_bomb3__4 input HDMI_PS2_i/ImgGen2_0/inst/in_bomb3__4/A[29:0] is not pipelined. Pipelining DSP48 input will improve performance.
Related violations: <none>

DPIP-2#28 Warning
Input pipelining  
DSP HDMI_PS2_i/ImgGen2_0/inst/in_bomb3__4 input HDMI_PS2_i/ImgGen2_0/inst/in_bomb3__4/B[17:0] is not pipelined. Pipelining DSP48 input will improve performance.
Related violations: <none>

DPIP-2#29 Warning
Input pipelining  
DSP HDMI_PS2_i/ImgGen2_0/inst/in_coin1 input HDMI_PS2_i/ImgGen2_0/inst/in_coin1/A[29:0] is not pipelined. Pipelining DSP48 input will improve performance.
Related violations: <none>

DPIP-2#30 Warning
Input pipelining  
DSP HDMI_PS2_i/ImgGen2_0/inst/in_coin1 input HDMI_PS2_i/ImgGen2_0/inst/in_coin1/B[17:0] is not pipelined. Pipelining DSP48 input will improve performance.
Related violations: <none>

DPIP-2#31 Warning
Input pipelining  
DSP HDMI_PS2_i/ImgGen2_0/inst/in_coin2 input HDMI_PS2_i/ImgGen2_0/inst/in_coin2/A[29:0] is not pipelined. Pipelining DSP48 input will improve performance.
Related violations: <none>

DPIP-2#32 Warning
Input pipelining  
DSP HDMI_PS2_i/ImgGen2_0/inst/in_coin2 input HDMI_PS2_i/ImgGen2_0/inst/in_coin2/B[17:0] is not pipelined. Pipelining DSP48 input will improve performance.
Related violations: <none>

DPIP-2#33 Warning
Input pipelining  
DSP HDMI_PS2_i/ImgGen2_0/inst/in_coin2__0 input HDMI_PS2_i/ImgGen2_0/inst/in_coin2__0/A[29:0] is not pipelined. Pipelining DSP48 input will improve performance.
Related violations: <none>

DPIP-2#34 Warning
Input pipelining  
DSP HDMI_PS2_i/ImgGen2_0/inst/in_coin2__0 input HDMI_PS2_i/ImgGen2_0/inst/in_coin2__0/B[17:0] is not pipelined. Pipelining DSP48 input will improve performance.
Related violations: <none>

DPIP-2#35 Warning
Input pipelining  
DSP HDMI_PS2_i/ImgGen2_0/inst/in_coin2__1 input HDMI_PS2_i/ImgGen2_0/inst/in_coin2__1/A[29:0] is not pipelined. Pipelining DSP48 input will improve performance.
Related violations: <none>

DPIP-2#36 Warning
Input pipelining  
DSP HDMI_PS2_i/ImgGen2_0/inst/in_coin2__1 input HDMI_PS2_i/ImgGen2_0/inst/in_coin2__1/B[17:0] is not pipelined. Pipelining DSP48 input will improve performance.
Related violations: <none>

DPIP-2#37 Warning
Input pipelining  
DSP HDMI_PS2_i/ImgGen2_0/inst/in_coin3 input HDMI_PS2_i/ImgGen2_0/inst/in_coin3/A[29:0] is not pipelined. Pipelining DSP48 input will improve performance.
Related violations: <none>

DPIP-2#38 Warning
Input pipelining  
DSP HDMI_PS2_i/ImgGen2_0/inst/in_coin3 input HDMI_PS2_i/ImgGen2_0/inst/in_coin3/B[17:0] is not pipelined. Pipelining DSP48 input will improve performance.
Related violations: <none>

DPIP-2#39 Warning
Input pipelining  
DSP HDMI_PS2_i/ImgGen2_0/inst/in_coin3__0 input HDMI_PS2_i/ImgGen2_0/inst/in_coin3__0/A[29:0] is not pipelined. Pipelining DSP48 input will improve performance.
Related violations: <none>

DPIP-2#40 Warning
Input pipelining  
DSP HDMI_PS2_i/ImgGen2_0/inst/in_coin3__0 input HDMI_PS2_i/ImgGen2_0/inst/in_coin3__0/B[17:0] is not pipelined. Pipelining DSP48 input will improve performance.
Related violations: <none>

DPOP-3#1 Warning
PREG Output pipelining  
DSP HDMI_PS2_i/ImgGen2_0/inst/in_bomb1 output HDMI_PS2_i/ImgGen2_0/inst/in_bomb1/P[47:0] is not pipelined (PREG=0). Pipelining the DSP48 output will improve performance and often saves power so it is suggested whenever possible to fully pipeline this function.  If this DSP48 function was inferred, it is suggested to describe an additional register stage after this function.  If the DSP48 was instantiated in the design, it is suggested to set the PREG attribute to 1.
Related violations: <none>

DPOP-3#2 Warning
PREG Output pipelining  
DSP HDMI_PS2_i/ImgGen2_0/inst/in_bomb2__0 output HDMI_PS2_i/ImgGen2_0/inst/in_bomb2__0/P[47:0] is not pipelined (PREG=0). Pipelining the DSP48 output will improve performance and often saves power so it is suggested whenever possible to fully pipeline this function.  If this DSP48 function was inferred, it is suggested to describe an additional register stage after this function.  If the DSP48 was instantiated in the design, it is suggested to set the PREG attribute to 1.
Related violations: <none>

DPOP-3#3 Warning
PREG Output pipelining  
DSP HDMI_PS2_i/ImgGen2_0/inst/in_bomb2__1 output HDMI_PS2_i/ImgGen2_0/inst/in_bomb2__1/P[47:0] is not pipelined (PREG=0). Pipelining the DSP48 output will improve performance and often saves power so it is suggested whenever possible to fully pipeline this function.  If this DSP48 function was inferred, it is suggested to describe an additional register stage after this function.  If the DSP48 was instantiated in the design, it is suggested to set the PREG attribute to 1.
Related violations: <none>

DPOP-3#4 Warning
PREG Output pipelining  
DSP HDMI_PS2_i/ImgGen2_0/inst/in_bomb2__2 output HDMI_PS2_i/ImgGen2_0/inst/in_bomb2__2/P[47:0] is not pipelined (PREG=0). Pipelining the DSP48 output will improve performance and often saves power so it is suggested whenever possible to fully pipeline this function.  If this DSP48 function was inferred, it is suggested to describe an additional register stage after this function.  If the DSP48 was instantiated in the design, it is suggested to set the PREG attribute to 1.
Related violations: <none>

DPOP-3#5 Warning
PREG Output pipelining  
DSP HDMI_PS2_i/ImgGen2_0/inst/in_bomb2__3 output HDMI_PS2_i/ImgGen2_0/inst/in_bomb2__3/P[47:0] is not pipelined (PREG=0). Pipelining the DSP48 output will improve performance and often saves power so it is suggested whenever possible to fully pipeline this function.  If this DSP48 function was inferred, it is suggested to describe an additional register stage after this function.  If the DSP48 was instantiated in the design, it is suggested to set the PREG attribute to 1.
Related violations: <none>

DPOP-3#6 Warning
PREG Output pipelining  
DSP HDMI_PS2_i/ImgGen2_0/inst/in_bomb2__4 output HDMI_PS2_i/ImgGen2_0/inst/in_bomb2__4/P[47:0] is not pipelined (PREG=0). Pipelining the DSP48 output will improve performance and often saves power so it is suggested whenever possible to fully pipeline this function.  If this DSP48 function was inferred, it is suggested to describe an additional register stage after this function.  If the DSP48 was instantiated in the design, it is suggested to set the PREG attribute to 1.
Related violations: <none>

DPOP-3#7 Warning
PREG Output pipelining  
DSP HDMI_PS2_i/ImgGen2_0/inst/in_bomb2__5 output HDMI_PS2_i/ImgGen2_0/inst/in_bomb2__5/P[47:0] is not pipelined (PREG=0). Pipelining the DSP48 output will improve performance and often saves power so it is suggested whenever possible to fully pipeline this function.  If this DSP48 function was inferred, it is suggested to describe an additional register stage after this function.  If the DSP48 was instantiated in the design, it is suggested to set the PREG attribute to 1.
Related violations: <none>

DPOP-3#8 Warning
PREG Output pipelining  
DSP HDMI_PS2_i/ImgGen2_0/inst/in_coin1 output HDMI_PS2_i/ImgGen2_0/inst/in_coin1/P[47:0] is not pipelined (PREG=0). Pipelining the DSP48 output will improve performance and often saves power so it is suggested whenever possible to fully pipeline this function.  If this DSP48 function was inferred, it is suggested to describe an additional register stage after this function.  If the DSP48 was instantiated in the design, it is suggested to set the PREG attribute to 1.
Related violations: <none>

DPOP-3#9 Warning
PREG Output pipelining  
DSP HDMI_PS2_i/ImgGen2_0/inst/in_coin2 output HDMI_PS2_i/ImgGen2_0/inst/in_coin2/P[47:0] is not pipelined (PREG=0). Pipelining the DSP48 output will improve performance and often saves power so it is suggested whenever possible to fully pipeline this function.  If this DSP48 function was inferred, it is suggested to describe an additional register stage after this function.  If the DSP48 was instantiated in the design, it is suggested to set the PREG attribute to 1.
Related violations: <none>

DPOP-3#10 Warning
PREG Output pipelining  
DSP HDMI_PS2_i/ImgGen2_0/inst/in_coin2__1 output HDMI_PS2_i/ImgGen2_0/inst/in_coin2__1/P[47:0] is not pipelined (PREG=0). Pipelining the DSP48 output will improve performance and often saves power so it is suggested whenever possible to fully pipeline this function.  If this DSP48 function was inferred, it is suggested to describe an additional register stage after this function.  If the DSP48 was instantiated in the design, it is suggested to set the PREG attribute to 1.
Related violations: <none>

DPOP-4#1 Warning
MREG Output pipelining  
DSP HDMI_PS2_i/ImgGen2_0/inst/in_bomb1 multiplier stage HDMI_PS2_i/ImgGen2_0/inst/in_bomb1/P[47:0] is not pipelined (MREG=0). Pipelining the multiplier function will improve performance and will save significant power so it is suggested whenever possible to fully pipeline this function.  If this multiplier was inferred, it is suggested to describe an additional register stage after this function.  If there is no registered adder/accumulator following the multiply function, two pipeline stages are suggested to allow both the MREG and PREG registers to be used.  If the DSP48 was instantiated in the design, it is suggested to set both the MREG and PREG attributes to 1 when performing multiply functions.
Related violations: <none>

DPOP-4#2 Warning
MREG Output pipelining  
DSP HDMI_PS2_i/ImgGen2_0/inst/in_bomb2__0 multiplier stage HDMI_PS2_i/ImgGen2_0/inst/in_bomb2__0/P[47:0] is not pipelined (MREG=0). Pipelining the multiplier function will improve performance and will save significant power so it is suggested whenever possible to fully pipeline this function.  If this multiplier was inferred, it is suggested to describe an additional register stage after this function.  If there is no registered adder/accumulator following the multiply function, two pipeline stages are suggested to allow both the MREG and PREG registers to be used.  If the DSP48 was instantiated in the design, it is suggested to set both the MREG and PREG attributes to 1 when performing multiply functions.
Related violations: <none>

DPOP-4#3 Warning
MREG Output pipelining  
DSP HDMI_PS2_i/ImgGen2_0/inst/in_bomb2__1 multiplier stage HDMI_PS2_i/ImgGen2_0/inst/in_bomb2__1/P[47:0] is not pipelined (MREG=0). Pipelining the multiplier function will improve performance and will save significant power so it is suggested whenever possible to fully pipeline this function.  If this multiplier was inferred, it is suggested to describe an additional register stage after this function.  If there is no registered adder/accumulator following the multiply function, two pipeline stages are suggested to allow both the MREG and PREG registers to be used.  If the DSP48 was instantiated in the design, it is suggested to set both the MREG and PREG attributes to 1 when performing multiply functions.
Related violations: <none>

DPOP-4#4 Warning
MREG Output pipelining  
DSP HDMI_PS2_i/ImgGen2_0/inst/in_bomb2__2 multiplier stage HDMI_PS2_i/ImgGen2_0/inst/in_bomb2__2/P[47:0] is not pipelined (MREG=0). Pipelining the multiplier function will improve performance and will save significant power so it is suggested whenever possible to fully pipeline this function.  If this multiplier was inferred, it is suggested to describe an additional register stage after this function.  If there is no registered adder/accumulator following the multiply function, two pipeline stages are suggested to allow both the MREG and PREG registers to be used.  If the DSP48 was instantiated in the design, it is suggested to set both the MREG and PREG attributes to 1 when performing multiply functions.
Related violations: <none>

DPOP-4#5 Warning
MREG Output pipelining  
DSP HDMI_PS2_i/ImgGen2_0/inst/in_bomb2__3 multiplier stage HDMI_PS2_i/ImgGen2_0/inst/in_bomb2__3/P[47:0] is not pipelined (MREG=0). Pipelining the multiplier function will improve performance and will save significant power so it is suggested whenever possible to fully pipeline this function.  If this multiplier was inferred, it is suggested to describe an additional register stage after this function.  If there is no registered adder/accumulator following the multiply function, two pipeline stages are suggested to allow both the MREG and PREG registers to be used.  If the DSP48 was instantiated in the design, it is suggested to set both the MREG and PREG attributes to 1 when performing multiply functions.
Related violations: <none>

DPOP-4#6 Warning
MREG Output pipelining  
DSP HDMI_PS2_i/ImgGen2_0/inst/in_bomb2__4 multiplier stage HDMI_PS2_i/ImgGen2_0/inst/in_bomb2__4/P[47:0] is not pipelined (MREG=0). Pipelining the multiplier function will improve performance and will save significant power so it is suggested whenever possible to fully pipeline this function.  If this multiplier was inferred, it is suggested to describe an additional register stage after this function.  If there is no registered adder/accumulator following the multiply function, two pipeline stages are suggested to allow both the MREG and PREG registers to be used.  If the DSP48 was instantiated in the design, it is suggested to set both the MREG and PREG attributes to 1 when performing multiply functions.
Related violations: <none>

DPOP-4#7 Warning
MREG Output pipelining  
DSP HDMI_PS2_i/ImgGen2_0/inst/in_bomb2__5 multiplier stage HDMI_PS2_i/ImgGen2_0/inst/in_bomb2__5/P[47:0] is not pipelined (MREG=0). Pipelining the multiplier function will improve performance and will save significant power so it is suggested whenever possible to fully pipeline this function.  If this multiplier was inferred, it is suggested to describe an additional register stage after this function.  If there is no registered adder/accumulator following the multiply function, two pipeline stages are suggested to allow both the MREG and PREG registers to be used.  If the DSP48 was instantiated in the design, it is suggested to set both the MREG and PREG attributes to 1 when performing multiply functions.
Related violations: <none>

DPOP-4#8 Warning
MREG Output pipelining  
DSP HDMI_PS2_i/ImgGen2_0/inst/in_coin1 multiplier stage HDMI_PS2_i/ImgGen2_0/inst/in_coin1/P[47:0] is not pipelined (MREG=0). Pipelining the multiplier function will improve performance and will save significant power so it is suggested whenever possible to fully pipeline this function.  If this multiplier was inferred, it is suggested to describe an additional register stage after this function.  If there is no registered adder/accumulator following the multiply function, two pipeline stages are suggested to allow both the MREG and PREG registers to be used.  If the DSP48 was instantiated in the design, it is suggested to set both the MREG and PREG attributes to 1 when performing multiply functions.
Related violations: <none>

DPOP-4#9 Warning
MREG Output pipelining  
DSP HDMI_PS2_i/ImgGen2_0/inst/in_coin2 multiplier stage HDMI_PS2_i/ImgGen2_0/inst/in_coin2/P[47:0] is not pipelined (MREG=0). Pipelining the multiplier function will improve performance and will save significant power so it is suggested whenever possible to fully pipeline this function.  If this multiplier was inferred, it is suggested to describe an additional register stage after this function.  If there is no registered adder/accumulator following the multiply function, two pipeline stages are suggested to allow both the MREG and PREG registers to be used.  If the DSP48 was instantiated in the design, it is suggested to set both the MREG and PREG attributes to 1 when performing multiply functions.
Related violations: <none>

DPOP-4#10 Warning
MREG Output pipelining  
DSP HDMI_PS2_i/ImgGen2_0/inst/in_coin2__1 multiplier stage HDMI_PS2_i/ImgGen2_0/inst/in_coin2__1/P[47:0] is not pipelined (MREG=0). Pipelining the multiplier function will improve performance and will save significant power so it is suggested whenever possible to fully pipeline this function.  If this multiplier was inferred, it is suggested to describe an additional register stage after this function.  If there is no registered adder/accumulator following the multiply function, two pipeline stages are suggested to allow both the MREG and PREG registers to be used.  If the DSP48 was instantiated in the design, it is suggested to set both the MREG and PREG attributes to 1 when performing multiply functions.
Related violations: <none>


