#-----------------------------------------------------------
# Vivado v2025.1 (64-bit)
# SW Build 6140274 on Thu May 22 00:12:29 MDT 2025
# IP Build 6138677 on Thu May 22 03:10:11 MDT 2025
# SharedData Build 6139179 on Tue May 20 17:58:58 MDT 2025
# Start of session at: Mon May 11 09:35:04 2026
# Process ID         : 3276
# Current directory  : C:/Users/lab/Desktop/HDMI_PS2 ---- Kopia/HDMI_PS2.runs/impl_1
# Command line       : vivado.exe -log HDMI_PS2_wrapper.vdi -applog -product Vivado -messageDb vivado.pb -mode batch -source HDMI_PS2_wrapper.tcl -notrace
# Log file           : C:/Users/lab/Desktop/HDMI_PS2 ---- Kopia/HDMI_PS2.runs/impl_1/HDMI_PS2_wrapper.vdi
# Journal file       : C:/Users/lab/Desktop/HDMI_PS2 ---- Kopia/HDMI_PS2.runs/impl_1\vivado.jou
# Running On         : Lab016-05
# Platform           : Windows Server 2016 or Windows 10
# Operating System   : 19045
# Processor Detail   : Intel(R) Core(TM) i7-8700 CPU @ 3.20GHz
# CPU Frequency      : 3192 MHz
# CPU Physical cores : 6
# CPU Logical cores  : 12
# Host memory        : 17030 MB
# Swap memory        : 2608 MB
# Total Virtual      : 19638 MB
# Available Virtual  : 9923 MB
#-----------------------------------------------------------
source HDMI_PS2_wrapper.tcl -notrace
